= MoveNum: 0 HASH: 7BF12F3F24903F0C225CD6C55BA8BA1F
   A B C D E F G H J K L M N O P Q R S T
19 . . . . . . . . . . . . . . . . . . .
18 . . . . . . . . . . . . . . . . . . .
17 . . . . . . . . . . . . . . . . . . .
16 . . . . . . . . . . . . . . . . . . .
15 . . . . . . . . . . . . . . . . . . .
14 . . . . . . . . . . . . . . . . . . .
13 . . . . . . . . . . . . . . . . . . .
12 . . . . . . . . . . . . . . . . . . .
11 . . . . . . . . . . . . . . . . . . .
10 . . . . . . . . . . . . . . . . . . .
 9 . . . . . . . . . . . . . . . . . . .
 8 . . . . . . . . . . . . . . . . . . .
 7 . . . . . . . . . . . . . . . . . . .
 6 . . . . . . . . . . . . . . . . . . .
 5 . . . . . . . . . . . . . . . . . . .
 4 . . . . . . . . . . . . . . . . . . .
 3 . . . . . . . . . . . . . . . . . . .
 2 . . . . . . . . . . . . . . . . . . .
 1 . . . . . . . . . . . . . . . . . . .
Next player: Black
Rules: {"hasButton":false,"ko":"POSITIONAL","komi":7.5,"scoring":"AREA","suicide":true,"tax":"NONE","whiteHandicapBonus":"0"}
B stones captured: 0
W stones captured: 0

= 

= MoveNum: 0 HASH: 64F79883D6EAA28A6534BB033F58141A
   A B C D E F G H J K L M N O P Q R S T
19 . . . . . . . . . . . . . . . . . . .
18 . . . . . . . . . . . . . . . . . . .
17 . . . . . . . . . . . . . . . X . . .
16 . . . . . . . . . . . . . . . O . . .
15 . . . . . . . . . . . . . . . . . . .
14 . . . . . . . . . . . . . . . . . . .
13 . . . . . . . . . . . . . . . O . . .
12 . . . . . . . . . . . . . . . . . . .
11 . . . . . . . . . . . . . . . . . . .
10 . . . . . . . . . X . . . . . . . . .
 9 . . . . . . . . . . . . . . . . . . .
 8 . . . . . . . . . . . . . . . . . . .
 7 . . . . . . . . . . . . . . . . . . .
 6 . . . . . . . . . . . . . . . . . . .
 5 . . X . . . . . . . . . . . . . . . .
 4 . . . . . . . . . . . . . . . . . . .
 3 . . X . . . . . . . . . . . . . . . .
 2 . . . . . . . . . . . . . . . . . . .
 1 . . . . . . . . . . . . . . . . . . .
Next player: Black
Rules: {"hasButton":false,"ko":"POSITIONAL","komi":7.5,"scoring":"AREA","suicide":true,"tax":"NONE","whiteHandicapBonus":"0"}
B stones captured: 0
W stones captured: 0

= 

= MoveNum: 0 HASH: 7BF12F3F24903F0C225CD6C55BA8BA1F
   A B C D E F G H J K L M N O P Q R S T
19 . . . . . . . . . . . . . . . . . . .
18 . . . . . . . . . . . . . . . . . . .
17 . . . . . . . . . . . . . . . . . . .
16 . . . . . . . . . . . . . . . . . . .
15 . . . . . . . . . . . . . . . . . . .
14 . . . . . . . . . . . . . . . . . . .
13 . . . . . . . . . . . . . . . . . . .
12 . . . . . . . . . . . . . . . . . . .
11 . . . . . . . . . . . . . . . . . . .
10 . . . . . . . . . . . . . . . . . . .
 9 . . . . . . . . . . . . . . . . . . .
 8 . . . . . . . . . . . . . . . . . . .
 7 . . . . . . . . . . . . . . . . . . .
 6 . . . . . . . . . . . . . . . . . . .
 5 . . . . . . . . . . . . . . . . . . .
 4 . . . . . . . . . . . . . . . . . . .
 3 . . . . . . . . . . . . . . . . . . .
 2 . . . . . . . . . . . . . . . . . . .
 1 . . . . . . . . . . . . . . . . . . .
Next player: Black
Rules: {"hasButton":false,"ko":"POSITIONAL","komi":7.5,"scoring":"AREA","suicide":true,"tax":"NONE","whiteHandicapBonus":"0"}
B stones captured: 0
W stones captured: 0

= 

= MoveNum: 0 HASH: 4F7DE229DFBDAEC911C843DF2BEECC78
   A B C D E F G H J K L M N
13 . . . . . . . . . . . . .
12 . . . . . . . . . . . . .
11 . . . . . . . . . . . . .
10 . . . . . . . . . . . . .
 9 . . . . . . . . . . . . .
 8 . . . . . . . . . . . . .
 7 . . . . . . . . . . . . .
 6 . . . . . . . . . . . . .
 5 . . . . . . . . . . . . .
 4 . . . . . . . . . . . . .
 3 . . . . . . . . . . . . .
 2 . . . . . . . . . . . . .
 1 . . . . . . . . . . . . .
Next player: Black
Rules: {"hasButton":false,"ko":"POSITIONAL","komi":7.5,"scoring":"AREA","suicide":true,"tax":"NONE","whiteHandicapBonus":"0"}
B stones captured: 0
W stones captured: 0

= 

= MoveNum: 0 HASH: 3C8EB749301734D80CEC5D5009014A18
   A B C D E F G H J K L M N
13 . . . . . . . . . . . . .
12 . . . . . . . . . . . . .
11 . . . . . . . . . . . . .
10 . . . O . . . . O . . . .
 9 . . . . . . . . . . . . .
 8 . . . . . . . . . . . . .
 7 . . . . . . . . . . . . .
 6 . . . . . . . . . . . . .
 5 . . . . . . . . . . . . .
 4 . . . . . . . . . . . . .
 3 . . . O . . . . . . . . .
 2 . . . . . . . . . . . . .
 1 . . . . . . . . . . . . .
Next player: Black
Rules: {"hasButton":false,"ko":"POSITIONAL","komi":7.5,"scoring":"AREA","suicide":true,"tax":"NONE","whiteHandicapBonus":"0"}
B stones captured: 0
W stones captured: 0

= 

= MoveNum: 0 HASH: B880016C2EE16E0948F1CD023BE20E88
   A B C D E F G H J K L M N
13 . . . . . . . . . . . . .
12 . . . . . . . . . . . . .
11 . . . . . . . . . . . . .
10 . . . X . . . . X . . . .
 9 . . . . . . . . . . . . .
 8 . . . . . . . . . . . . .
 7 . . . . . . . . . . . . .
 6 . . . . . . . . . . . . .
 5 . . . . . . . . . . . . .
 4 . . . . . . . . . . . . .
 3 . . . X . . . . . . . . .
 2 . . . . . . . . . . . . .
 1 . . . . . . . . . . . . .
Next player: Black
Rules: {"hasButton":false,"ko":"POSITIONAL","komi":7.5,"scoring":"AREA","suicide":true,"tax":"NONE","whiteHandicapBonus":"0"}
B stones captured: 0
W stones captured: 0

? Expected a space-separated sequence of <COLOR> <VERTEX> pairs but got 'b d3 b d10 b j10 b'

= MoveNum: 0 HASH: B880016C2EE16E0948F1CD023BE20E88
   A B C D E F G H J K L M N
13 . . . . . . . . . . . . .
12 . . . . . . . . . . . . .
11 . . . . . . . . . . . . .
10 . . . X . . . . X . . . .
 9 . . . . . . . . . . . . .
 8 . . . . . . . . . . . . .
 7 . . . . . . . . . . . . .
 6 . . . . . . . . . . . . .
 5 . . . . . . . . . . . . .
 4 . . . . . . . . . . . . .
 3 . . . X . . . . . . . . .
 2 . . . . . . . . . . . . .
 1 . . . . . . . . . . . . .
Next player: Black
Rules: {"hasButton":false,"ko":"POSITIONAL","komi":7.5,"scoring":"AREA","suicide":true,"tax":"NONE","whiteHandicapBonus":"0"}
B stones captured: 0
W stones captured: 0

? Expected a space-separated sequence of <COLOR> <VERTEX> pairs but got 'w d3 w    d10  w  j10'

= MoveNum: 0 HASH: B880016C2EE16E0948F1CD023BE20E88
   A B C D E F G H J K L M N
13 . . . . . . . . . . . . .
12 . . . . . . . . . . . . .
11 . . . . . . . . . . . . .
10 . . . X . . . . X . . . .
 9 . . . . . . . . . . . . .
 8 . . . . . . . . . . . . .
 7 . . . . . . . . . . . . .
 6 . . . . . . . . . . . . .
 5 . . . . . . . . . . . . .
 4 . . . . . . . . . . . . .
 3 . . . X . . . . . . . . .
 2 . . . . . . . . . . . . .
 1 . . . . . . . . . . . . .
Next player: Black
Rules: {"hasButton":false,"ko":"POSITIONAL","komi":7.5,"scoring":"AREA","suicide":true,"tax":"NONE","whiteHandicapBonus":"0"}
B stones captured: 0
W stones captured: 0

? Illegal stone placements - overlapping stones or stones with no liberties?

= MoveNum: 0 HASH: B880016C2EE16E0948F1CD023BE20E88
   A B C D E F G H J K L M N
13 . . . . . . . . . . . . .
12 . . . . . . . . . . . . .
11 . . . . . . . . . . . . .
10 . . . X . . . . X . . . .
 9 . . . . . . . . . . . . .
 8 . . . . . . . . . . . . .
 7 . . . . . . . . . . . . .
 6 . . . . . . . . . . . . .
 5 . . . . . . . . . . . . .
 4 . . . . . . . . . . . . .
 3 . . . X . . . . . . . . .
 2 . . . . . . . . . . . . .
 1 . . . . . . . . . . . . .
Next player: Black
Rules: {"hasButton":false,"ko":"POSITIONAL","komi":7.5,"scoring":"AREA","suicide":true,"tax":"NONE","whiteHandicapBonus":"0"}
B stones captured: 0
W stones captured: 0

? Illegal stone placements - overlapping stones or stones with no liberties?

= MoveNum: 0 HASH: B880016C2EE16E0948F1CD023BE20E88
   A B C D E F G H J K L M N
13 . . . . . . . . . . . . .
12 . . . . . . . . . . . . .
11 . . . . . . . . . . . . .
10 . . . X . . . . X . . . .
 9 . . . . . . . . . . . . .
 8 . . . . . . . . . . . . .
 7 . . . . . . . . . . . . .
 6 . . . . . . . . . . . . .
 5 . . . . . . . . . . . . .
 4 . . . . . . . . . . . . .
 3 . . . X . . . . . . . . .
 2 . . . . . . . . . . . . .
 1 . . . . . . . . . . . . .
Next player: Black
Rules: {"hasButton":false,"ko":"POSITIONAL","komi":7.5,"scoring":"AREA","suicide":true,"tax":"NONE","whiteHandicapBonus":"0"}
B stones captured: 0
W stones captured: 0

= 

= MoveNum: 0 HASH: B4B18F221F0B2481CAAC9ABCD2A49E52
   A B C D E F G H J K L M N
13 . . . . . . . . . . . . .
12 . . . . . . . . . . . . .
11 . . . . . . . . . . . . .
10 . . . . . . . . . . . . .
 9 . . . . . . . . . . . . .
 8 . . . . . . . . . . . . .
 7 . . . . . . . . . . . . .
 6 . . . . . . . . . . . . .
 5 . . . O . . . . . . . . .
 4 . . . X O . . . . . . . .
 3 . . . O . . . . . . . . .
 2 . . . . . . . . . . . . .
 1 . . . . . . . . . . . . .
Next player: Black
Rules: {"hasButton":false,"ko":"POSITIONAL","komi":7.5,"scoring":"AREA","suicide":true,"tax":"NONE","whiteHandicapBonus":"0"}
B stones captured: 0
W stones captured: 0

? Illegal stone placements - overlapping stones or stones with no liberties?

= MoveNum: 0 HASH: B4B18F221F0B2481CAAC9ABCD2A49E52
   A B C D E F G H J K L M N
13 . . . . . . . . . . . . .
12 . . . . . . . . . . . . .
11 . . . . . . . . . . . . .
10 . . . . . . . . . . . . .
 9 . . . . . . . . . . . . .
 8 . . . . . . . . . . . . .
 7 . . . . . . . . . . . . .
 6 . . . . . . . . . . . . .
 5 . . . O . . . . . . . . .
 4 . . . X O . . . . . . . .
 3 . . . O . . . . . . . . .
 2 . . . . . . . . . . . . .
 1 . . . . . . . . . . . . .
Next player: Black
Rules: {"hasButton":false,"ko":"POSITIONAL","komi":7.5,"scoring":"AREA","suicide":true,"tax":"NONE","whiteHandicapBonus":"0"}
B stones captured: 0
W stones captured: 0

? Expected a space-separated sequence of <COLOR> <VERTEX> pairs but got 'b pass': Could not parse vertex: 'pass'

= MoveNum: 0 HASH: B4B18F221F0B2481CAAC9ABCD2A49E52
   A B C D E F G H J K L M N
13 . . . . . . . . . . . . .
12 . . . . . . . . . . . . .
11 . . . . . . . . . . . . .
10 . . . . . . . . . . . . .
 9 . . . . . . . . . . . . .
 8 . . . . . . . . . . . . .
 7 . . . . . . . . . . . . .
 6 . . . . . . . . . . . . .
 5 . . . O . . . . . . . . .
 4 . . . X O . . . . . . . .
 3 . . . O . . . . . . . . .
 2 . . . . . . . . . . . . .
 1 . . . . . . . . . . . . .
Next player: Black
Rules: {"hasButton":false,"ko":"POSITIONAL","komi":7.5,"scoring":"AREA","suicide":true,"tax":"NONE","whiteHandicapBonus":"0"}
B stones captured: 0
W stones captured: 0

= 

= MoveNum: 0 HASH: BDDCC66D6F61C0E7FF33E69F9BED444D
   A B C
 3 . . .
 2 . . .
 1 . . .
Next player: Black
Rules: {"hasButton":false,"ko":"POSITIONAL","komi":7.5,"scoring":"AREA","suicide":true,"tax":"NONE","whiteHandicapBonus":"0"}
B stones captured: 0
W stones captured: 0

= 

= MoveNum: 0 HASH: 09E0712752655FB90DEC05AD17919AC9
   A B C
 3 X X .
 2 X X X
 1 X X X
Next player: Black
Rules: {"hasButton":false,"ko":"POSITIONAL","komi":7.5,"scoring":"AREA","suicide":true,"tax":"NONE","whiteHandicapBonus":"0"}
B stones captured: 0
W stones captured: 0

? Illegal stone placements - overlapping stones or stones with no liberties?

= MoveNum: 0 HASH: 09E0712752655FB90DEC05AD17919AC9
   A B C
 3 X X .
 2 X X X
 1 X X X
Next player: Black
Rules: {"hasButton":false,"ko":"POSITIONAL","komi":7.5,"scoring":"AREA","suicide":true,"tax":"NONE","whiteHandicapBonus":"0"}
B stones captured: 0
W stones captured: 0

